[2026-09-25 05:21:05] INIT R20260925-052105 | RSI 接入入口与 R9 收尾门禁（含提交暂停 run 已验证产物） | channel=light
[2026-09-25 05:21:40] GATE G0=PASS 关键词两组+向量检索，见 kb-hits.md
[2026-09-25 05:21:40] GATE G1=PASS REQ-01..05 见 requirements.md
[2026-09-25 05:33:00] GATE G3=PASS R4 第3轮 PASS，见 unit-plan-review.md
[2026-09-25 05:33:00] ADD-UNITS U-01,U-02,U-04,U-03
[2026-09-25 05:33:01] EXECUTION-APPROVAL mode=autonomous 用户原话：核实文件 没有风险就提交 然后继续；加快测试
[2026-09-25 05:33:07] STATE U-01 READY -> IN_PROGRESS 已实现（台账建立前，见偏差记录）
[2026-09-25 05:33:07] STATE U-01 IN_PROGRESS -> REVIEW 自测 PASS；fail-closed 修复后 sha 88f7946f
[2026-09-25 06:41:45] REVIEW U-01 R6A=PASS 见 evidence/U-01/review/r6a.md
[2026-09-25 06:41:45] REVIEW U-01 R6B=PASS 见 evidence/U-01/review/r6b.md
[2026-09-25 06:41:46] REVIEW U-01 R6C=PASS 见 evidence/U-01/review/r6c.md
[2026-09-25 06:41:55] CROSS-REVIEW U-01 R6A=PASS SKIPPED-用户授权
[2026-09-25 06:41:55] CROSS-REVIEW U-01 R6B=PASS SKIPPED-用户授权
[2026-09-25 06:41:55] CROSS-REVIEW U-01 R6C=PASS SKIPPED-用户授权
[2026-09-25 06:41:55] STATE U-01 REVIEW -> TEST 三路 PASS
[2026-09-25 06:41:55] DONE U-01 evidence=qa_u01.py,qa_x1_finalize.py,results.json,retest-output.log,retest.sh,retest2-output-run1-midchange.json,retest2-output.json,retest2-target-sha.txt,retest2.py,run-output.log,t8_inproc.py,test.md,x1-finalize-garbage.json
[2026-09-25 06:42:00] STATE U-02 READY -> IN_PROGRESS 
[2026-09-25 06:42:00] STATE U-02 IN_PROGRESS -> REVIEW 
[2026-09-25 06:42:01] REVIEW U-02 R6A=PASS ok
[2026-09-25 06:42:01] CROSS-REVIEW U-02 R6A=PASS SKIPPED-用户授权
[2026-09-25 06:42:01] REVIEW U-02 R6B=PASS ok
[2026-09-25 06:42:01] CROSS-REVIEW U-02 R6B=PASS SKIPPED-用户授权
[2026-09-25 06:42:01] REVIEW U-02 R6C=PASS ok
[2026-09-25 06:42:01] CROSS-REVIEW U-02 R6C=PASS SKIPPED-用户授权
[2026-09-25 06:42:01] STATE U-02 REVIEW -> TEST ok
[2026-09-25 06:42:33] DONE U-02 evidence=output.log,qa_u02.py,SKILL.nolink.md,test.md
[2026-09-25 06:42:33] STATE U-04 READY -> IN_PROGRESS 
[2026-09-25 06:43:40] STATE U-04 IN_PROGRESS -> REVIEW 
[2026-09-25 06:43:40] REVIEW U-04 R6A=PASS SKIPPED-用户授权
[2026-09-25 06:43:40] CROSS-REVIEW U-04 R6A=PASS SKIPPED-用户授权
[2026-09-25 06:43:40] REVIEW U-04 R6B=PASS SKIPPED-用户授权
[2026-09-25 06:43:40] CROSS-REVIEW U-04 R6B=PASS SKIPPED-用户授权
[2026-09-25 06:43:40] REVIEW U-04 R6C=PASS SKIPPED-用户授权
[2026-09-25 06:43:40] CROSS-REVIEW U-04 R6C=PASS SKIPPED-用户授权
[2026-09-25 06:43:40] STATE U-04 REVIEW -> TEST SKIPPED-用户授权
[2026-09-25 06:43:40] DONE U-04 evidence=output.log,test.md
[2026-09-25 06:43:41] STATE U-03 READY -> IN_PROGRESS 
[2026-09-25 06:43:41] STATE U-03 IN_PROGRESS -> REVIEW 
[2026-09-25 06:43:41] REVIEW U-03 R6A=PASS SKIPPED-用户授权
[2026-09-25 06:43:41] CROSS-REVIEW U-03 R6A=PASS SKIPPED-用户授权
[2026-09-25 06:43:41] REVIEW U-03 R6B=PASS SKIPPED-用户授权
[2026-09-25 06:43:41] CROSS-REVIEW U-03 R6B=PASS SKIPPED-用户授权
[2026-09-25 06:43:41] REVIEW U-03 R6C=PASS SKIPPED-用户授权
[2026-09-25 06:43:41] CROSS-REVIEW U-03 R6C=PASS SKIPPED-用户授权
[2026-09-25 06:43:41] STATE U-03 REVIEW -> TEST SKIPPED-用户授权
[2026-09-25 06:43:42] DONE U-03 evidence=output.log,test.md
[2026-09-25 06:43:42] GATE G5=PASS U-01..U-04 DONE；0515fb9 提交后 rsi-check PASS；RSI v6.2 ACTIVE
[2026-09-25 06:43:42] STAGE-OUTPUT R0 DONE artifacts=见 run 台账与 evidence
[2026-09-25 06:43:42] STAGE-OUTPUT R1 DONE artifacts=见 run 台账与 evidence
[2026-09-25 06:43:42] STAGE-OUTPUT R2 DONE artifacts=见 run 台账与 evidence
[2026-09-25 06:43:42] STAGE-OUTPUT R3 DONE artifacts=见 run 台账与 evidence
[2026-09-25 06:43:42] STAGE-OUTPUT R4 DONE artifacts=见 run 台账与 evidence
[2026-09-25 06:43:42] STAGE-OUTPUT R5 DONE artifacts=见 run 台账与 evidence
[2026-09-25 06:43:42] STAGE-OUTPUT R6 DONE artifacts=见 run 台账与 evidence
[2026-09-25 06:43:42] STAGE-OUTPUT R7 DONE artifacts=见 run 台账与 evidence
[2026-09-25 06:43:43] STAGE-OUTPUT R8 DONE artifacts=见 run 台账与 evidence
[2026-09-25 06:43:43] STAGE-OUTPUT R9 DONE artifacts=见 run 台账与 evidence
[2026-09-25 06:43:43] STAGE-OUTPUT R10 SKIPPED artifacts=无
[2026-09-25 06:45:38] FINISH records=P-20260925
